This is a sample ASCII art file for testing
██╗  ██╗███████╗██╗     ██╗      ██████╗ 
██║  ██║██╔════╝██║     ██║     ██╔═══██╗
███████║█████╗  ██║     ██║     ██║   ██║
██╔══██║██╔══╝  ██║     ██║     ██║   ██║
██║  ██║███████╗███████╗███████╗╚██████╔╝
╚═╝  ╚═╝╚══════╝╚══════╝╚══════╝ ╚═════╝ 

Test content for file operations.